// Jest Snapshot v1, https://goo.gl/fbAQLP

exports[`Form components test should match snapshot 1`] = `
<input
  aria-invalid="false"
  class="MuiInputBase-input MuiInput-input"
  type="text"
  value=""
/>
`;
